# serializer version: 1
# name: test_config_entry_diagnostics
  dict({
    'designer_config': dict({
      'covers': list([
        dict({
          'cover_parameters': None,
          'id': 81,
        }),
        dict({
          'cover_parameters': None,
          'id': 82,
        }),
        dict({
          'cover_parameters': None,
          'id': 83,
        }),
      ]),
      'modules': list([
        dict({
          'capabilities': dict({
          }),
          'id': 1,
          'mac': '0x1',
          'panel_settings': None,
        }),
        dict({
          'capabilities': dict({
          }),
          'id': 3,
          'mac': '0xBE82',
          'panel_settings': None,
        }),
        dict({
          'capabilities': dict({
          }),
          'id': 17,
          'mac': '0xCB8F',
          'panel_settings': None,
        }),
      ]),
    }),
    'entry_data': dict({
      'host': '**REDACTED**',
      'password': '**REDACTED**',
      'username': '**REDACTED**',
    }),
    'snapshot': dict({
      'auth_failure': None,
      'available': True,
      'connection': dict({
        'last_error': None,
        'last_message_at': '2026-08-27T06:05:00+00:00',
        'protocol_violations': dict({
        }),
        'reconnect_count': 0,
        'started_at': '2026-08-27T06:00:00+00:00',
        'subscribe_failures': dict({
        }),
      }),
      'last_payloads': dict({
        'info': '{"Results": {"mac": 47846, "userId": -1, "serverVersion": "1865", "serverRevision": "409", "mqttVersion": "5.133.11"}}',
      }),
      'mac_collisions': list([
      ]),
      'modules': list([
        dict({
          'id': 3,
          'last_seen': 1782108300.0,
          'mac': '0xBE82',
          'model': 'M-REL-8s',
          'supply_voltage': 13.9,
          'temperature': 31.5,
          'typ_urzadzenia': 4,
        }),
        dict({
          'id': 17,
          'last_seen': None,
          'mac': '0xCB8F',
          'model': 'M-SENS',
          'supply_voltage': None,
          'temperature': None,
          'typ_urzadzenia': 44,
        }),
      ]),
      'not_configured': list([
      ]),
      'params_gap': list([
      ]),
      'server_info': dict({
        'device_id': '**REDACTED**',
        'local_ip': '**REDACTED**',
        'mac': 47846,
        'mqtt_version': '5.133.11',
        'server_revision': '409',
        'server_version': '1865',
        'user_id': -1,
      }),
    }),
  })
# ---
# name: test_designer_config_reports_modules_and_covers
  dict({
    'covers': list([
      dict({
        'cover_parameters': None,
        'id': 81,
      }),
      dict({
        'cover_parameters': None,
        'id': 82,
      }),
      dict({
        'cover_parameters': dict({
          'calibration_percent': 6,
          'close_time_s': 24,
          'open_time_s': 18,
          'reversal_lag_ms': 250,
          'slat_time_ms': 1400,
          'start_lag_other_ms': 160,
          'start_lag_same_ms': 120,
          'with_slats': True,
        }),
        'id': 83,
      }),
    ]),
    'modules': list([
      dict({
        'capabilities': dict({
        }),
        'id': 1,
        'mac': '0x1',
        'panel_settings': None,
      }),
      dict({
        'capabilities': dict({
        }),
        'id': 3,
        'mac': '0xBE82',
        'panel_settings': None,
      }),
      dict({
        'capabilities': dict({
          'BUZZER': 4,
        }),
        'id': 17,
        'mac': '0xCB8F',
        'panel_settings': dict({
          'backlight_active': list([
            True,
            True,
            True,
            True,
            True,
            True,
          ]),
          'beep_time': 5,
          'dim_after_s': 30,
          'dim_brightness': 20,
          'light_signal': list([
            'CHANGE_STATE',
            'CHANGE_STATE',
            'CHANGE_STATE',
            'CHANGE_STATE',
            'CHANGE_STATE',
            'CHANGE_STATE',
          ]),
          'multitouch_lock': list([
            False,
            False,
            False,
            False,
            False,
            False,
          ]),
          'multitouch_send_count': False,
          'sound_signal': list([
            True,
            True,
            True,
            True,
            True,
            True,
          ]),
          'status_color': list([
            200,
            210,
            220,
          ]),
          'touch_field_color': list([
            10,
            20,
            30,
            40,
          ]),
        }),
      }),
    ]),
  })
# ---
