# serializer version: 1
# name: test_all_entities[climate.m_sens_salon_termostat_salon-entry]
  EntityRegistryEntrySnapshot({
    'aliases': list([
      None,
    ]),
    'area_id': None,
    'capabilities': dict({
      <ClimateEntityCapabilityAttribute.HVAC_MODES: 'hvac_modes'>: list([
        <HVACMode.HEAT: 'heat'>,
      ]),
      <ClimateEntityCapabilityAttribute.MAX_TEMP: 'max_temp'>: 35,
      <ClimateEntityCapabilityAttribute.MIN_TEMP: 'min_temp'>: 7,
    }),
    'config_entry_id': <ANY>,
    'config_subentry_id': <ANY>,
    'device_class': None,
    'device_id': <ANY>,
    'disabled_by': None,
    'domain': 'climate',
    'entity_category': None,
    'entity_id': 'climate.m_sens_salon_termostat_salon',
    'has_entity_name': True,
    'hidden_by': None,
    'icon': None,
    'id': <ANY>,
    'labels': set({
    }),
    'name': None,
    'object_id_base': 'Termostat Salon',
    'options': dict({
    }),
    'original_device_class': None,
    'original_icon': None,
    'original_name': 'Termostat Salon',
    'platform': 'ampio',
    'previous_unique_id': None,
    'suggested_object_id': None,
    'supported_features': <ClimateEntityFeature: 1>,
    'translation_key': None,
    'unique_id': '47846_leaf_0_cb8f_reg_0_1',
    'unit_of_measurement': None,
  })
# ---
# name: test_all_entities[climate.m_sens_salon_termostat_salon-state]
  StateSnapshot({
    'attributes': ReadOnlyDict({
      <ClimateEntityStateAttribute.CURRENT_TEMPERATURE: 'current_temperature'>: None,
      <EntityStateAttribute.FRIENDLY_NAME: 'friendly_name'>: 'm-sens salon Termostat Salon',
      <ClimateEntityStateAttribute.HVAC_ACTION: 'hvac_action'>: <HVACAction.HEATING: 'heating'>,
      <ClimateEntityCapabilityAttribute.HVAC_MODES: 'hvac_modes'>: list([
        <HVACMode.HEAT: 'heat'>,
      ]),
      <ClimateEntityCapabilityAttribute.MAX_TEMP: 'max_temp'>: 35,
      <ClimateEntityCapabilityAttribute.MIN_TEMP: 'min_temp'>: 7,
      <EntityStateAttribute.SUPPORTED_FEATURES: 'supported_features'>: <ClimateEntityFeature: 1>,
      <ClimateEntityStateAttribute.TARGET_TEMPERATURE: 'temperature'>: None,
    }),
    'context': <ANY>,
    'entity_id': 'climate.m_sens_salon_termostat_salon',
    'last_changed': <ANY>,
    'last_reported': <ANY>,
    'last_updated': <ANY>,
    'state': 'heat',
  })
# ---
