# serializer version: 1
# name: test_all_entities[scene.m_serv_wieczor-entry]
  EntityRegistryEntrySnapshot({
    'aliases': list([
      None,
    ]),
    'area_id': None,
    'capabilities': None,
    'config_entry_id': <ANY>,
    'config_subentry_id': <ANY>,
    'device_class': None,
    'device_id': <ANY>,
    'disabled_by': None,
    'domain': 'scene',
    'entity_category': None,
    'entity_id': 'scene.m_serv_wieczor',
    'has_entity_name': True,
    'hidden_by': None,
    'icon': None,
    'id': <ANY>,
    'labels': set({
    }),
    'name': None,
    'object_id_base': 'Wieczór',
    'options': dict({
    }),
    'original_device_class': None,
    'original_icon': None,
    'original_name': 'Wieczór',
    'platform': 'ampio',
    'previous_unique_id': None,
    'suggested_object_id': None,
    'supported_features': 0,
    'translation_key': None,
    'unique_id': '47846_scene_5',
    'unit_of_measurement': None,
  })
# ---
# name: test_all_entities[scene.m_serv_wieczor-state]
  StateSnapshot({
    'attributes': ReadOnlyDict({
      <EntityStateAttribute.FRIENDLY_NAME: 'friendly_name'>: 'M-SERV Wieczór',
    }),
    'context': <ANY>,
    'entity_id': 'scene.m_serv_wieczor',
    'last_changed': <ANY>,
    'last_reported': <ANY>,
    'last_updated': <ANY>,
    'state': 'unknown',
  })
# ---
